// Jest Snapshot v1, https://goo.gl/fbAQLP

exports[`MxFooter should render correctly 1`] = `
<div
  class="MxFooter"
>
  <div
    class="MxFooter__links-container"
  >
    <div
      class="MxFooter__links"
    >
      <div
        class="MxFooter__link-group"
      >
        <a
          class="MxFooter__link--highlighted"
          href="https://sprintr.home.mendix.com/link/home"
          target="_self"
        >
          Buzz
        </a>
        <a
          class="MxFooter__link--highlighted"
          href="https://sprintr.home.mendix.com/link/myprojects"
          target="_self"
        >
          Apps
        </a>
        <a
          class="MxFooter__link--highlighted"
          href="https://developer.mendixcloud.com/link/people"
          target="_self"
        >
          People
        </a>
        <a
          class="MxFooter__link--highlighted"
          href="https://appstore.home.mendix.com/"
          target="_self"
        >
          App Store
        </a>
      </div>
      <div
        class="MxFooter__link-group"
      >
        <div
          class="MxFooter__link--highlighted"
        >
          Community
        </div>
        <a
          class="MxFooter__link"
          href="https://developers.mendix.com/spotlight/"
          target="_self"
        >
          Blogs
        </a>
        <a
          class="MxFooter__link"
          href="https://developers.mendix.com/jobs/"
          target="_self"
        >
          Jobs
        </a>
        <a
          class="MxFooter__link"
          href="https://modelshare.mendix.com/"
          target="_self"
        >
          Model Share
        </a>
        <a
          class="MxFooter__link"
          href="https://developer.mendixcloud.com/link/mvp"
          target="_self"
        >
          MVP Program
        </a>
        <a
          class="MxFooter__link"
          href="https://developer.mendixcloud.com/link/leaderboards"
          target="_self"
        >
          Leaderboards
        </a>
        <a
          class="MxFooter__link"
          href="https://developer.mendixcloud.com/link/partneroverview"
          target="_self"
        >
          Our Partners
        </a>
        <a
          class="MxFooter__link"
          href="https://shop.mendix.com"
          target="_self"
        >
          Mendix Shop
        </a>
      </div>
      <div
        class="MxFooter__link-group"
      >
        <a
          class="MxFooter__link--highlighted"
          href="https://gettingstarted.mendixcloud.com"
          target="_self"
        >
          Academy
        </a>
        <a
          class="MxFooter__link"
          href="https://gettingstarted.mendixcloud.com/link/path"
          target="_self"
        >
          Learning Paths
        </a>
        <a
          class="MxFooter__link"
          href="https://gettingstarted.mendixcloud.com/link/module"
          target="_self"
        >
          Modules
        </a>
        <a
          class="MxFooter__link"
          href="https://gettingstarted.mendixcloud.com/link/webinar"
          target="_self"
        >
          Webinars
        </a>
        <a
          class="MxFooter__link"
          href="https://gettingstarted.mendixcloud.com/link/classroom"
          target="_self"
        >
          Classroom
        </a>
        <a
          class="MxFooter__link"
          href="https://gettingstarted.mendixcloud.com/link/certification"
          target="_self"
        >
          Certifications
        </a>
      </div>
      <div
        class="MxFooter__link-group"
      >
        <a
          class="MxFooter__link--highlighted"
          href="https://forum.mendixcloud.com"
          target="_self"
        >
          Forum
        </a>
        <a
          class="MxFooter__link"
          href="https://forum.mendixcloud.com/link/questions"
          target="_self"
        >
          Forum Questions
        </a>
        <a
          class="MxFooter__link"
          href="https://forum.mendixcloud.com/link/ideas"
          target="_self"
        >
          Forum Ideas
        </a>
      </div>
      <div
        class="MxFooter__link-group"
      >
        <a
          class="MxFooter__link--highlighted"
          href="https://docs.mendix.com"
          target="_self"
        >
          Docs
        </a>
        <a
          class="MxFooter__link"
          href="https://docs.mendix.com/refguide/"
          target="_self"
        >
          Reference Guide
        </a>
        <a
          class="MxFooter__link"
          href="https://docs.mendix.com/howto/"
          target="_self"
        >
          How-to's
        </a>
        <a
          class="MxFooter__link"
          href="https://docs.mendix.com/releasenotes/"
          target="_self"
        >
          Release Notes
        </a>
        <a
          class="MxFooter__link"
          href="https://docs.mendix.com/apidocs-mxsdk/"
          target="_self"
        >
          API & SDK
        </a>
        <a
          class="MxFooter__link"
          href="https://www.mendix.com/low-code-guide/"
          target="_self"
        >
          Low-code Guide
        </a>
      </div>
      <div
        class="MxFooter__link-group"
      >
        <a
          class="MxFooter__link"
          href="https://support.mendix.com/"
          target="_self"
        >
          Support
        </a>
        <a
          class="MxFooter__link"
          href="https://signup.mendix.com/link/signup/?source=developers&medium=community&campaign=signup"
          target="_blank"
        >
          Start for Free
        </a>
        <a
          class="MxFooter__link"
          href="https://www.mendix.com/contact-us/"
          target="_blank"
        >
          Contact Us
        </a>
      </div>
    </div>
  </div>
  <div
    class="MxFooter__banner-container"
  >
    <div
      class="MxFooter__banner"
    >
      <span
        class="MxFooter__copyright"
      >
        Copyright &copy; 2019 Mendix Technology B.V.
        <span
          class="MxFooter__copyright-link-container"
        >
          <a
            class="MxFooter__copyright-link"
            href="http://www.mendix.com/"
            rel="noopener noreferrer"
            target="_blank"
          >
            Mendix.com
          </a>
        </span>
        <span
          class="MxFooter__copyright-link-container"
        >
          <a
            class="MxFooter__copyright-link"
            href="http://www.mendix.com/terms-of-use/"
            rel="noopener noreferrer"
            target="_blank"
          >
            Terms of Use
          </a>
        </span>
        <span
          class="MxFooter__copyright-link-container"
        >
          <a
            class="MxFooter__copyright-link"
            href="http://www.mendix.com/privacy-policy/"
            rel="noopener noreferrer"
            target="_blank"
          >
            Privacy Policy
          </a>
        </span>
      </span>
      <div
        class="MxFooter__social-media"
      >
        <a
          class="MxFooter__social-media-item"
          href="https://github.com/mendix"
          rel="noopener noreferrer"
          target="_blank"
        >
          <img
            alt="github"
            src="git.svg"
          />
        </a>
        <a
          class="MxFooter__social-media-item"
          href="https://www.instagram.com/mendixinc/"
          rel="noopener noreferrer"
          target="_blank"
        >
          <img
            alt="instagram"
            src="instagram.svg"
          />
        </a>
        <a
          class="MxFooter__social-media-item"
          href="https://twitter.com/MendixDeveloper"
          rel="noopener noreferrer"
          target="_blank"
        >
          <img
            alt="twitter"
            src="twitter.svg"
          />
        </a>
        <a
          class="MxFooter__social-media-item"
          href="https://www.linkedin.com/company/mendix"
          rel="noopener noreferrer"
          target="_blank"
        >
          <img
            alt="linkedin"
            src="linkedin.svg"
          />
        </a>
        <a
          class="MxFooter__social-media-item"
          href="https://plus.google.com/+MendixSocial"
          rel="noopener noreferrer"
          target="_blank"
        >
          <img
            alt="googleplus"
            src="googleplus.svg"
          />
        </a>
        <a
          class="MxFooter__social-media-item"
          href="https://www.facebook.com/mendixsoftware"
          rel="noopener noreferrer"
          target="_blank"
        >
          <img
            alt="facebook"
            src="fb.svg"
          />
        </a>
      </div>
    </div>
  </div>
</div>
`;
