// Jest Snapshot v1, https://goo.gl/fbAQLP

exports[`MxHeader should render correctly 1`] = `
<div
  class="MxHeader__container"
>
  <div
    class="MxHeader"
  >
    <button
      class="MxHeader__mobile-menu-toggle"
      type="button"
    >
      <span
        class="MxHeader__mobile-menu-toggle-box"
      >
        <span
          class="MxHeader__mobile-menu-toggle-middle-bar"
        />
      </span>
    </button>
    <a
      class="MxHeader__home"
    >
      <img
        alt="Logo"
        class="MxHeader__logo"
        src="mx_logo.png"
      />
    </a>
    <div
      class="MxHeader__nav-bar"
    >
      <div
        class="MxHeader__nav-bar-item--desktop"
      >
        <span
          class="MxHeader__nav-bar-item-link"
          role="button"
        >
          Buzz
        </span>
      </div>
      <div
        class="MxHeader__nav-bar-item--desktop"
      >
        <span
          class="MxHeader__nav-bar-item-link"
          role="button"
        >
          Apps
        </span>
      </div>
      <div
        class="MxHeader__nav-bar-item--desktop"
      >
        <span
          class="MxHeader__nav-bar-item-link"
          role="button"
        >
          People
        </span>
      </div>
      <div
        class="MxHeader__nav-bar-item--desktop"
      >
        <span
          class="MxHeader__nav-bar-item-link"
          role="button"
        >
          Community
        </span>
        <ul
          class="MxHeader__nav-bar-menu--desktop"
        >
          <li
            class="MxHeader__nav-bar-menu-item"
          >
            <a
              class="MxHeader__nav-bar-menu-item-link"
              href="https://developers.mendix.com/spotlight/"
              target="_self"
            >
              Blogs
            </a>
          </li>
          <li
            class="MxHeader__nav-bar-menu-item"
          >
            <a
              class="MxHeader__nav-bar-menu-item-link"
              href="https://developers.mendix.com/jobs/"
              target="_self"
            >
              Jobs
            </a>
          </li>
          <li
            class="MxHeader__nav-bar-menu-item"
          >
            <a
              class="MxHeader__nav-bar-menu-item-link"
              href="https://modelshare.mendix.com/"
              target="_self"
            >
              Model Share
            </a>
          </li>
          <li
            class="MxHeader__nav-bar-menu-item"
          >
            <a
              class="MxHeader__nav-bar-menu-item-link"
              href="https://developer.mendixcloud.com/link/mvp"
              target="_self"
            >
              MVP Program
            </a>
          </li>
          <li
            class="MxHeader__nav-bar-menu-item"
          >
            <a
              class="MxHeader__nav-bar-menu-item-link"
              href="https://developer.mendixcloud.com/link/leaderboards"
              target="_self"
            >
              Leaderboards
            </a>
          </li>
          <li
            class="MxHeader__nav-bar-menu-item"
          >
            <a
              class="MxHeader__nav-bar-menu-item-link"
              href="https://developer.mendixcloud.com/link/partneroverview"
              target="_self"
            >
              Our Partners
            </a>
          </li>
          <li
            class="MxHeader__nav-bar-menu-item"
          >
            <a
              class="MxHeader__nav-bar-menu-item-link"
              href="https://shop.mendix.com"
              target="_self"
            >
              Mendix Shop
            </a>
          </li>
        </ul>
      </div>
      <div
        class="MxHeader__nav-bar-item--desktop"
      >
        <span
          class="MxHeader__nav-bar-item-link"
          role="button"
        >
          App Store
        </span>
      </div>
      <div
        class="MxHeader__nav-bar-item--desktop"
      >
        <span
          class="MxHeader__nav-bar-item-link"
          role="button"
        >
          Academy
        </span>
      </div>
      <div
        class="MxHeader__nav-bar-item--desktop"
      >
        <span
          class="MxHeader__nav-bar-item-link"
          role="button"
        >
          Forum
        </span>
      </div>
      <div
        class="MxHeader__nav-bar-item--desktop"
      >
        <span
          class="MxHeader__nav-bar-item-link"
          role="button"
        >
          Docs
        </span>
      </div>
    </div>
    <div
      class="MxHeader__white-space"
    />
    <div
      class="MxHeader__Setting"
    >
      <button
        class="MxHeader__search"
        id="mendix-header-search-button"
      >
        Search
      </button>
      <div
        class="MxHeader__support"
      >
        <ul
          class="MxHeader__support-menu"
        >
          <li
            class="MxHeader__support-menu-item"
          >
            <a
              class="MxHeader__support-menu-item-link"
              href="https://forum.mendixcloud.com/link/questions"
            >
              Ask the Community
            </a>
          </li>
          <li
            class="MxHeader__support-menu-item"
          >
            <a
              class="MxHeader__support-menu-item-link"
              href="https://docs.mendix.com"
            >
              Check the Documentation
            </a>
          </li>
          <li
            class="MxHeader__support-menu-item"
          >
            <a
              class="MxHeader__support-menu-item-link"
              href="https://support.mendix.com/hc/en-us"
            >
              Contact Mendix Support
            </a>
          </li>
        </ul>
      </div>
      <a
        class="MxHeader__start-button"
        href="https://signup.mendix.com/link/signup/?source=developers&medium=community&campaign=signup"
      >
        Start For Free
      </a>
      <a
        class="MxHeader__profile"
        title="Click here to login"
      >
        <img
          alt="Click here to login"
          class="MxHeader__avatar"
          src="avatar.png"
        />
      </a>
    </div>
  </div>
</div>
`;
